
> catintassist@0.1.0 build
> react-scripts build

Creating an optimized production build...

Treating warnings as errors because process.env.CI = true.
Most CI servers set it automatically.

Failed to compile.

[eslint] 
src\components\DashboardHeader.js
  Line 6:30:     'KeyIcon' is defined but never used                                                                               no-unused-vars
  Line 6:51:     'GoalEditor' is defined but never used                                                                            no-unused-vars
  Line 6:63:     'EditableMinutes' is defined but never used                                                                       no-unused-vars
  Line 6:80:     'ConnectionIndicator' is defined but never used                                                                   no-unused-vars
  Line 13:7:     'CelebrationParticles' is assigned a value but never used                                                         no-unused-vars
  Line 32:6:     React Hook useEffect has a missing dependency: 'audioEngine'. Either include it or remove the dependency array    react-hooks/exhaustive-deps
  Line 120:37:   'setSessionSeconds' is assigned a value but never used                                                            no-unused-vars
  Line 120:92:   'startSession' is assigned a value but never used                                                                 no-unused-vars
  Line 120:290:  'toggleCard' is assigned a value but never used                                                                   no-unused-vars
  Line 120:370:  'workSessionMinutes' is assigned a value but never used                                                           no-unused-vars
  Line 120:437:  'clearZombieState' is assigned a value but never used                                                             no-unused-vars
  Line 120:455:  'translationMood' is assigned a value but never used                                                              no-unused-vars
  Line 120:472:  'setTranslationMood' is assigned a value but never used                                                           no-unused-vars
  Line 120:577:  'setHoldSeconds' is assigned a value but never used                                                               no-unused-vars
  Line 128:11:   'initAudio' is assigned a value but never used                                                                    no-unused-vars
  Line 128:36:   'playCoinStack' is assigned a value but never used                                                                no-unused-vars
  Line 131:10:   'celebration' is assigned a value but never used                                                                  no-unused-vars
  Line 272:9:    'remainingMinutes' is assigned a value but never used                                                             no-unused-vars
  Line 288:28:   'CORE_END' is assigned a value but never used                                                                     no-unused-vars
  Line 302:9:    'dailyArs' is assigned a value but never used                                                                     no-unused-vars
  Line 317:6:    React Hook useEffect has a missing dependency: 'displayBounty'. Either include it or remove the dependency array  react-hooks/exhaustive-deps
  Line 322:6:    React Hook useEffect has a missing dependency: 'currentBounty'. Either include it or remove the dependency array  react-hooks/exhaustive-deps
  Line 324:9:    'morningLeft' is assigned a value but never used                                                                  no-unused-vars
  Line 325:9:    'afternoonLeft' is assigned a value but never used                                                                no-unused-vars
  Line 326:9:    'eveningLeft' is assigned a value but never used                                                                  no-unused-vars
  Line 332:9:    'workableHoursRemaining' is assigned a value but never used                                                       no-unused-vars
  Line 339:9:    'monthlyRemainingCash' is assigned a value but never used                                                         no-unused-vars
  Line 340:9:    'dailyMaxArs' is assigned a value but never used                                                                  no-unused-vars
  Line 343:9:    'workableArsRemaining' is assigned a value but never used                                                         no-unused-vars
  Line 349:9:    'isDailyGoalMet' is assigned a value but never used                                                               no-unused-vars
  Line 365:9:    'shiftStartStr' is assigned a value but never used                                                                no-unused-vars
  Line 379:9:    'FLOOR' is assigned a value but never used                                                                        no-unused-vars
  Line 395:9:    'isAllGoalsMet' is assigned a value but never used                                                                no-unused-vars
  Line 432:9:    'survivalDailyTarget' is assigned a value but never used                                                          no-unused-vars
  Line 488:9:    'copyValue' is assigned a value but never used                                                                    no-unused-vars

src\components\DialGoalSelector.js
  Line 64:9:    'dailyCash' is assigned a value but never used  no-unused-vars
  Line 152:19:  'rStep' is assigned a value but never used      no-unused-vars

src\components\GameScoreboard.js
  Line 1:38:  'useRef' is defined but never used  no-unused-vars

src\components\RollingNumber.js
  Line 9:10:  'targetDigit' is assigned a value but never used  no-unused-vars

src\components\SilenceGuardian.js
  Line 1:8:    'React' is defined but never used                                                                                                                                           no-unused-vars
  Line 11:39:  'updateActivity' is assigned a value but never used                                                                                                                         no-unused-vars
  Line 14:10:  'showHoldWarning' is assigned a value but never used                                                                                                                        no-unused-vars
  Line 93:6:   React Hook useEffect has missing dependencies: 'holdSeconds', 'isHold', 'promptCount', 'startBreak', and 'stopSession'. Either include them or remove the dependency array  react-hooks/exhaustive-deps

src\components\TranscriptionBoard.js
  Line 56:43:    Unnecessary escape character: \-                                                                                                                                                                                                                        no-useless-escape
  Line 56:65:    Unnecessary escape character: \-                                                                                                                                                                                                                        no-useless-escape
  Line 56:80:    Unnecessary escape character: \-                                                                                                                                                                                                                        no-useless-escape
  Line 56:105:   Unnecessary escape character: \-                                                                                                                                                                                                                        no-useless-escape
  Line 130:34:   'isTranslating' is assigned a value but never used                                                                                                                                                                                                      no-unused-vars
  Line 251:6:    React Hook useEffect has missing dependencies: 'onCollect' and 'playChaChing'. Either include them or remove the dependency array. If 'onCollect' changes too often, find the parent component that defines it and wrap that definition in useCallback  react-hooks/exhaustive-deps
  Line 446:119:  'isZombieCall' is assigned a value but never used                                                                                                                                                                                                       no-unused-vars
  Line 446:133:  'startSession' is assigned a value but never used                                                                                                                                                                                                       no-unused-vars
  Line 446:147:  'clearZombieState' is assigned a value but never used                                                                                                                                                                                                   no-unused-vars

src\contexts\AudioSettingsContext.js
  Line 62:6:    React Hook useEffect has a missing dependency: 'fetchDevices'. Either include it or remove the dependency array                                                                                                                                                                        react-hooks/exhaustive-deps
  Line 148:27:  The ref value 'passthroughAudioRef.current' will likely have changed by the time this effect cleanup function runs. If this ref points to a node rendered by React, copy 'passthroughAudioRef.current' to a variable inside the effect, and use that variable in the cleanup function  react-hooks/exhaustive-deps
  Line 177:6:   React Hook useEffect has a missing dependency: 'monitorVolume'. Either include it or remove the dependency array                                                                                                                                                                       react-hooks/exhaustive-deps

src\hooks\useDeepgram.js
  Line 1:41:   'useEffect' is defined but never used                                                                               no-unused-vars
  Line 296:6:  React Hook useCallback has a missing dependency: 'startDeepgram'. Either include it or remove the dependency array  react-hooks/exhaustive-deps

src\hooks\useProgressiveAudio.js
  Line 174:7:  React Hook useMemo has missing dependencies: 'playCarriageVault' and 'playMetalChest'. Either include them or remove the dependency array  react-hooks/exhaustive-deps

src\hooks\useTranslate.js
  Line 144:30:  Expected an error object to be thrown                                                                           no-throw-literal
  Line 149:24:  Expected an error object to be thrown                                                                           no-throw-literal
  Line 153:31:  Expected an error object to be thrown                                                                           no-throw-literal
  Line 162:24:  Expected an error object to be thrown                                                                           no-throw-literal
  Line 167:24:  Expected an error object to be thrown                                                                           no-throw-literal
  Line 173:24:  Expected an error object to be thrown                                                                           no-throw-literal
  Line 258:6:   React Hook useEffect has a missing dependency: 'translation'. Either include it or remove the dependency array  react-hooks/exhaustive-deps


